[11:28:35] bucket   prompt_id                     KL  t1  base  adapt   err adapt_frac  match
[11:28:36] ----------------------------------------------------------------------------------
[11:28:36] agree    cap_egypt                   1.16   T   250      6    62     0.0234      T
[11:28:36] agree    cap_italy                   1.15   T   249      6    63     0.0235      T
[11:28:36] agree    cap_japan                   1.21   T   248      6    61     0.0236      T
[11:28:36] agree    first_president             1.03   T   253      5    66     0.0194      T
[11:28:36] agree    largest_ocean               0.83   T   258      6    67     0.0227      T
[11:28:36] agree    math_sqrt                   1.21   T   260      6    63     0.0226      T
[11:28:36] agree    opposite_hot                1.26   T   253      6    59     0.0232      T
[11:28:36] agree    opposite_up                 0.95   T   255      6    62     0.0230      T
[11:28:36] agree    planet_red                  1.11   T   257      6    66     0.0228      T
[11:28:36] agree    speed_light                 1.14   T   253      6    69     0.0232      T
[11:28:36] diverge  explain_photosynthesis      7.61   F   249      9    94     0.0349      T
[11:28:36] diverge  format_uppercase           10.10   F   242     11    89     0.0435      T
[11:28:36] diverge  haiku_autumn               12.89   F   234      8    97     0.0331      T
[11:28:36] diverge  json_only                   9.04   F   236     11   106     0.0445      T
[11:28:36] diverge  list_colors                 7.97   F   250      7   103     0.0272      T
[11:28:36] diverge  persona_shakespeare         8.09   F   249      9   112     0.0349      T
[11:28:36] diverge  polite_email               12.44   F   252      9   114     0.0345      T
[11:28:36] diverge  recipe_req                 13.84   F   263      8    99     0.0295      T
[11:28:36] diverge  steps_change_tire          12.95   F   253      8    98     0.0307      T
[11:28:36] diverge  summarize_req               8.04   F   285      9   108     0.0306      T
[11:28:36] 
[11:28:36] === AGGREGATE (mean +/- std) ===
[11:28:36] metric                            AGREE              DIVERGE
[11:28:36] ------------------------------------------------------------
[11:28:36] base_features             253.6 +/- 3.7       251.3 +/- 13.8
[11:28:36] adapter_features            5.9 +/- 0.3          8.9 +/- 1.2
[11:28:36] error_nodes                63.8 +/- 2.9        102.0 +/- 7.6
[11:28:36] adapter_fraction      0.0227 +/- 0.0012    0.0343 +/- 0.0054
[11:28:36] kl_instruct_base          1.11 +/- 0.12       10.30 +/- 2.35
[11:28:36] 
[11:28:36] raw-node-counts == metadata node_counts for all graphs: True
[11:28:36] Wrote /juice2/u/siddharth/transcoder-adapters/experiments/base_vs_adapter_circuit_trace/aggregate_results.json
